Windows PowerShell
Copyright (C) Microsoft Corporation. All rights reserved.
Install the latest PowerShell for new features and improvements! https://aka.ms/PSWindows
PS C:\Users\User59\Documents\GitHub\PPLABS\Tema 1\ex 2> docker build -t my-text-processor
ERROR: "docker buildx build" requires exactly 1 argument.
See 'docker buildx build --help'.

Start a build
PS C:\Users\User59\Documents\GitHub\PPLABS\Tema 1\ex 2> docker build -t my-text-processor .
[+] Building 0.4s (1/1) FINISHED                              docker:desktop-linux
 => [internal] load build definition from Dockerfile                          0.1s
 => => transferring dockerfile: 2B                                            0.0s
ERROR: failed to solve: failed to read dockerfile: open Dockerfile: no such file or directory
PS C:\Users\User59\Documents\GitHub\PPLABS\Tema 1\ex 2> dir


    Directory: C:\Users\User59\Documents\GitHub\PPLABS\Tema 1\ex 2


Mode                 LastWriteTime         Length Name
----                 -------------         ------ ----
d-----         2/24/2025   8:49 PM                .idea
d-----         2/24/2025   8:30 PM                out
d-----         2/24/2025   8:29 PM                src
-a----         2/24/2025   8:22 PM            344 .gitignore
-a----         2/24/2025   8:23 PM            433 ex 2.iml
-a----         2/24/2025   8:30 PM            107 input.txt


PS C:\Users\User59\Documents\GitHub\PPLABS\Tema 1\ex 2> New-Item -Path . -Name "Dockerfile" -ItemType "File"


    Directory: C:\Users\User59\Documents\GitHub\PPLABS\Tema 1\ex 2


Mode                 LastWriteTime         Length Name
----                 -------------         ------ ----
-a----         2/24/2025   8:52 PM              0 Dockerfile


PS C:\Users\User59\Documents\GitHub\PPLABS\Tema 1\ex 2> docker build -t my-text-processor .
[+] Building 0.4s (1/1) FINISHED                                          docker:desktop-linux
 => [internal] load build definition from Dockerfile                                      0.1s
 => => transferring dockerfile: 31B                                                       0.1s
ERROR: failed to solve: the Dockerfile cannot be empty
PS C:\Users\User59\Documents\GitHub\PPLABS\Tema 1\ex 2> docker build -t my-text-processor .
[+] Building 4.1s (9/11)                                                  docker:desktop-linux
 => [internal] load build definition from Dockerfile                                      0.1s
 => => transferring dockerfile: 614B                                                      0.0s
 => [internal] load metadata for docker.io/library/openjdk:11-jre-slim                    3.8s
 => [auth] library/openjdk:pull token for registry-1.docker.io                            0.0s
 => [internal] load .dockerignore                                                         0.0s
 => => transferring context: 2B                                                           0.0s
 => CANCELED [1/6] FROM docker.io/library/openjdk:11-jre-slim@sha256:93af7df2308c5141a75  0.2s
 => => resolve docker.io/library/openjdk:11-jre-slim@sha256:93af7df2308c5141a751c4830e6b  0.0s
 => [internal] load build context                                                         0.1s
 => => transferring context: 143B                                                         0.0s
 => CACHED [2/6] RUN apt-get update && apt-get install -y git && rm -rf /var/lib/apt/lis  0.0s
 => CACHED [3/6] WORKDIR /app                                                             0.0s
 => ERROR [4/6] COPY TextProcessor.java .                                                 0.0s
------
 > [4/6] COPY TextProcessor.java .:
------
Dockerfile:10
--------------------
   8 |
   9 |     # Copiem fișierele aplicației
  10 | >>> COPY TextProcessor.java .
  11 |     COPY input.txt .
  12 |
--------------------
ERROR: failed to solve: failed to compute cache key: failed to calculate checksum of ref 6a0wwvoacqfejwn9md0f7fqfg::8pfoyynymcn5hb1gwwzkaoai5: "/TextProcessor.java": not found
PS C:\Users\User59\Documents\GitHub\PPLABS\Tema 1\ex 2> docker build -t my-text-processor .
[+] Building 0.1s (1/1) FINISHED                                          docker:desktop-linux
 => [internal] load build definition from Dockerfile                                      0.0s
 => => transferring dockerfile: 2B                                                        0.0s
ERROR: failed to solve: failed to read dockerfile: open Dockerfile: no such file or directory
PS C:\Users\User59\Documents\GitHub\PPLABS\Tema 1\ex 2> Get-Item TextProcessor.java | Format-List *
Get-Item : Cannot find path 'C:\Users\User59\Documents\GitHub\PPLABS\Tema 1\ex
2\TextProcessor.java' because it does not exist.
At line:1 char:1
+ Get-Item TextProcessor.java | Format-List *
+ ~~~~~~~~~~~~~~~~~~~~~~~~~~~
    + CategoryInfo          : ObjectNotFound: (C:\Users\User59...tProcessor.java:String) [Get
   -Item], ItemNotFoundException
    + FullyQualifiedErrorId : PathNotFound,Microsoft.PowerShell.Commands.GetItemCommand

PS C:\Users\User59\Documents\GitHub\PPLABS\Tema 1\ex 2> icacls TextProcessor.java /grant Everyone:F
+ ~~~~~~~~~~~~~~~~~~~~~~~~~~~
    + CategoryInfo          : ObjectNotFound: (C:\Users\User59...tProcessor.java:String) [Get
   -Item], ItemNotFoundException
    + FullyQualifiedErrorId : PathNotFound,Microsoft.PowerShell.Commands.GetItemCommand

PS C:\Users\User59\Documents\GitHub\PPLABS\Tema 1\ex 2> icacls TextProcessor.java /grant Everyone:F
TextProcessor.java: The system cannot find the file specified.
Successfully processed 0 files; Failed processing 1 files
PS C:\Users\User59\Documents\GitHub\PPLABS\Tema 1\ex 2> icacls TextProcessor.java /grant Everyone:F
TextProcessor.java: The system cannot find the file specified.
Successfully processed 0 files; Failed processing 1 files
PS C:\Users\User59\Documents\GitHub\PPLABS\Tema 1\ex 2> cd "C:\Users\User59\Documents\GitHub\PPLABS\Tema 1\ex 2"
PS C:\Users\User59\Documents\GitHub\PPLABS\Tema 1\ex 2> docker build -t my-text-processor .
[+] Building 0.1s (1/1) FINISHED                                          docker:desktop-linux
 => [internal] load build definition from Dockerfile                                      0.0s
 => => transferring dockerfile: 2B                                                        0.0s
ERROR: failed to solve: failed to read dockerfile: open Dockerfile: no such file or directory
PS C:\Users\User59\Documents\GitHub\PPLABS\Tema 1\ex 2> Move-Item -Path "C:\Users\User59\Documents\GitHub\PPLABS\Tema 1\ex 2\src\Dockerfile" -Destination "C:\Users\User59\Documents\GitHub\PPLABS\Tema 1\ex 2"
PS C:\Users\User59\Documents\GitHub\PPLABS\Tema 1\ex 2> cd "C:\Users\User59\Documents\GitHub\PPLABS\Tema 1\ex 2"
PS C:\Users\User59\Documents\GitHub\PPLABS\Tema 1\ex 2> docker build -t my-text-processor .
[+] Building 2.0s (9/11)                                                  docker:desktop-linux
 => [internal] load build definition from Dockerfile                                      0.1s
 => => transferring dockerfile: 617B                                                      0.1s
 => [internal] load metadata for docker.io/library/openjdk:11-jre-slim                    1.7s
 => [auth] library/openjdk:pull token for registry-1.docker.io                            0.0s
 => [internal] load .dockerignore                                                         0.0s
 => => transferring context: 2B                                                           0.0s
 => CANCELED [1/6] FROM docker.io/library/openjdk:11-jre-slim@sha256:93af7df2308c5141a75  0.1s
 => => resolve docker.io/library/openjdk:11-jre-slim@sha256:93af7df2308c5141a751c4830e6b  0.1s
 => [internal] load build context                                                         0.1s
 => => transferring context: 30B                                                          0.0s
 => CACHED [2/6] RUN apt-get update && apt-get install -y git && rm -rf /var/lib/apt/lis  0.0s
 => CACHED [3/6] WORKDIR /app                                                             0.0s
 => ERROR [4/6] COPY TextProcessor.java .                                                 0.0s
------
 > [4/6] COPY TextProcessor.java .:
------
Dockerfile:10
--------------------
   8 |
   9 |     # Copiem fișierele aplicației
  10 | >>> COPY TextProcessor.java .
  11 |     COPY ../input.txt .
  12 |
--------------------
ERROR: failed to solve: failed to compute cache key: failed to calculate checksum of ref 6a0wwvoacqfejwn9md0f7fqfg::cydqql2rknkbr568nk74t6bst: "/TextProcessor.java": not found
PS C:\Users\User59\Documents\GitHub\PPLABS\Tema 1\ex 2> docker build -t my-text-processor .
[+] Building 0.2s (1/1) FINISHED                                          docker:desktop-linux
 => [internal] load build definition from Dockerfile                                      0.1s
 => => transferring dockerfile: 536B                                                      0.0s
Dockerfile:2
--------------------
   1 |     # Setăm directorul de lucru în container
   2 | >>> WORKDIR /app
   3 |
   4 |     # Copiem fișierul Java și input.txt din folderul src/
--------------------
ERROR: failed to solve: no build stage in current context
PS C:\Users\User59\Documents\GitHub\PPLABS\Tema 1\ex 2> docker build -t my-text-processor .
[+] Building 33.3s (11/11) FINISHED                                       docker:desktop-linux
 => [internal] load build definition from Dockerfile                                      0.0s
 => => transferring dockerfile: 621B                                                      0.0s
 => [internal] load metadata for docker.io/library/openjdk:11-jre-slim                    1.3s
 => [auth] library/openjdk:pull token for registry-1.docker.io                            0.0s
 => [internal] load .dockerignore                                                         0.0s
 => => transferring context: 2B                                                           0.0s
 => [1/6] FROM docker.io/library/openjdk:11-jre-slim@sha256:93af7df2308c5141a751c4830e6  13.1s
 => => resolve docker.io/library/openjdk:11-jre-slim@sha256:93af7df2308c5141a751c4830e6b  0.0s
 => => sha256:1efc276f4ff952c055dea726cfc96ec6a4fdb8b62d9eed816bd2b788 31.37MB / 31.37MB  9.6s
 => => sha256:a2f2f93da48276873890ac821b3c991d53a7e864791aaf82c39b7863c9 1.58MB / 1.58MB  1.1s
 => => sha256:d73cf48caaac2e45ad76a2a9eb3b311d0e4eb1d804e3d2b9cf075a1f 46.04MB / 46.04MB  6.7s
 => => sha256:12cca292b13cb58fadde25af113ddc4ac3b0c5e39ab3f1290a6ba62ec8237a 212B / 212B  1.0s
 => => extracting sha256:1efc276f4ff952c055dea726cfc96ec6a4fdb8b62d9eed816bd2b788f2860ad  1.8s
 => => extracting sha256:a2f2f93da48276873890ac821b3c991d53a7e864791aaf82c39b7863c908b93  0.2s
 => => extracting sha256:12cca292b13cb58fadde25af113ddc4ac3b0c5e39ab3f1290a6ba62ec8237af  0.0s
 => => extracting sha256:d73cf48caaac2e45ad76a2a9eb3b311d0e4eb1d804e3d2b9cf075a1fa31e6f9  1.4s
 => [internal] load build context                                                         0.1s
 => => transferring context: 1.39kB                                                       0.0s
 => [2/6] RUN apt-get update && apt-get install -y git && rm -rf /var/lib/apt/lists/*    18.2s
 => [3/6] WORKDIR /app                                                                    0.1s
 => [4/6] COPY src/TextProcessor.java .                                                   0.1s
 => [5/6] COPY ../input.txt .                                                             0.1s
 => ERROR [6/6] RUN git init &&     git add TextProcessor.java input.txt &&     git comm  0.3s
------
 > [6/6] RUN git init &&     git add TextProcessor.java input.txt &&     git commit -m "Initial commit: Adăugat fișierul de procesare a textului" &&     javac TextProcessor.java:
0.280 hint: Using 'master' as the name for the initial branch. This default branch name
0.280 hint: is subject to change. To configure the initial branch name to use in all
0.280 hint: of your new repositories, which will suppress this warning, call:
0.280 hint:
0.280 hint:     git config --global init.defaultBranch <name>
0.280 hint:
0.280 hint: Names commonly chosen instead of 'master' are 'main', 'trunk' and
0.280 hint: 'development'. The just-created branch can be renamed via this command:
0.280 hint:
0.280 hint:     git branch -m <name>
0.286 Initialized empty Git repository in /app/.git/
0.295 Author identity unknown
0.295
0.295 *** Please tell me who you are.
0.295
0.295 Run
0.295
0.295   git config --global user.email "you@example.com"
0.295   git config --global user.name "Your Name"
0.295
0.295 to set your account's default identity.
0.295 Omit --global to set the identity only in this repository.
0.295
0.295 fatal: unable to auto-detect email address (got 'root@buildkitsandbox.(none)')
------
Dockerfile:14
--------------------
  13 |     # Inițializăm repository-ul Git și compilăm aplicația
  14 | >>> RUN git init && \
  15 | >>>     git add TextProcessor.java input.txt && \
  16 | >>>     git commit -m "Initial commit: Adăugat fișierul de procesare a textului" && \
  17 | >>>     javac TextProcessor.java
  18 |
--------------------
ERROR: failed to solve: process "/bin/sh -c git init &&     git add TextProcessor.java input.tx
t &&     git commit -m \"Initial commit: Adăugat fișierul de procesare a textului\" &&     javac TextProcessor.java" did not complete successfully: exit code: 128
PS C:\Users\User59\Documents\GitHub\PPLABS\Tema 1\ex 2> docker build -t my-text-processor .
[+] Building 2.8s (11/11) FINISHED                                        docker:desktop-linux
 => [internal] load build definition from Dockerfile                                      0.1s
 => => transferring dockerfile: 756B                                                      0.1s
 => [internal] load metadata for docker.io/library/openjdk:11-jre-slim                    2.0s
 => [auth] library/openjdk:pull token for registry-1.docker.io                            0.0s
 => [internal] load .dockerignore                                                         0.0s
 => => transferring context: 2B                                                           0.0s
 => [1/6] FROM docker.io/library/openjdk:11-jre-slim@sha256:93af7df2308c5141a751c4830e6b  0.0s
 => => resolve docker.io/library/openjdk:11-jre-slim@sha256:93af7df2308c5141a751c4830e6b  0.0s
 => [internal] load build context                                                         0.0s
 => => transferring context: 95B                                                          0.0s
 => CACHED [2/6] RUN apt-get update && apt-get install -y git && rm -rf /var/lib/apt/lis  0.0s
 => CACHED [3/6] WORKDIR /app                                                             0.0s
 => CACHED [4/6] COPY src/TextProcessor.java .                                            0.0s
 => CACHED [5/6] COPY ../input.txt .                                                      0.0s
 => ERROR [6/6] RUN git init &&     git config --global user.email "george.catanescu@stu  0.4s
------
 > [6/6] RUN git init &&     git config --global user.email "george.catanescu@student.tuiasi.ro
" &&     git config --global user.name "George Catanescu" &&     git add TextProcessor.java inp
ut.txt &&     git commit -m "Initial commit: Adăugat fișierul de procesare a textului" &&     javac TextProcessor.java:
0.323 hint: Using 'master' as the name for the initial branch. This default branch name
0.323 hint: is subject to change. To configure the initial branch name to use in all
0.323 hint: of your new repositories, which will suppress this warning, call:
0.323 hint:
0.323 hint:     git config --global init.defaultBranch <name>
0.323 hint:
0.323 hint: Names commonly chosen instead of 'master' are 'main', 'trunk' and
0.323 hint: 'development'. The just-created branch can be renamed via this command:
0.323 hint:
0.323 hint:     git branch -m <name>
0.332 Initialized empty Git repository in /app/.git/
0.372 [master (root-commit) 9a28ccc] Initial commit: Adăugat fișierul de procesare a textului
0.372  2 files changed, 41 insertions(+)
0.372  create mode 100755 TextProcessor.java
0.372  create mode 100755 input.txt
0.372 /bin/sh: 1: javac: not found
------
Dockerfile:14
--------------------
  13 |     # Inițializăm repository-ul Git și compilăm aplicația
  14 | >>> RUN git init && \
  15 | >>>     git config --global user.email "george.catanescu@student.tuiasi.ro" && \
  16 | >>>     git config --global user.name "George Catanescu" && \
  17 | >>>     git add TextProcessor.java input.txt && \
  18 | >>>     git commit -m "Initial commit: Adăugat fișierul de procesare a textului" && \
  19 | >>>     javac TextProcessor.java
  20 |     # Aplicația se va rula la pornirea containerului
--------------------
ERROR: failed to solve: process "/bin/sh -c git init &&     git config --global user.email \"ge
orge.catanescu@student.tuiasi.ro\" &&     git config --global user.name \"George Catanescu\" &&
     git add TextProcessor.java input.txt &&     git commit -m \"Initial commit: Adăugat fișier
ul de procesare a textului\" &&     javac TextProcessor.java" did not complete successfully: exit code: 127
PS C:\Users\User59\Documents\GitHub\PPLABS\Tema 1\ex 2> docker build -t my-text-processor .
[+] Building 1.5s (10/10) FINISHED                                        docker:desktop-linux
 => [internal] load build definition from Dockerfile                                      0.1s
 => => transferring dockerfile: 740B                                                      0.0s
 => [internal] load metadata for docker.io/library/openjdk:11-jre-slim                    0.7s
 => [internal] load .dockerignore                                                         0.0s
 => => transferring context: 2B                                                           0.0s
 => [1/6] FROM docker.io/library/openjdk:11-jre-slim@sha256:93af7df2308c5141a751c4830e6b  0.0s
 => => resolve docker.io/library/openjdk:11-jre-slim@sha256:93af7df2308c5141a751c4830e6b  0.0s
 => [internal] load build context                                                         0.0s
 => => transferring context: 95B                                                          0.0s
 => CACHED [2/6] RUN apt-get update && apt-get install -y git && rm -rf /var/lib/apt/lis  0.0s
 => CACHED [3/6] WORKDIR /app                                                             0.0s
 => CACHED [4/6] COPY src/TextProcessor.java .                                            0.0s
 => CACHED [5/6] COPY ../input.txt .                                                      0.0s
 => ERROR [6/6] RUN git init &&     git config --global user.email "docker@example.com"   0.4s
------
 > [6/6] RUN git init &&     git config --global user.email "docker@example.com" &&     git con
fig --global user.name "Docker Container" &&     git add TextProcessor.java input.txt &&     gi
t commit -m "Initial commit: Adăugat fișierul de procesare a textului" &&     javac TextProcessor.java:
0.311 hint: Using 'master' as the name for the initial branch. This default branch name
0.314 hint: is subject to change. To configure the initial branch name to use in all
0.319 hint: of your new repositories, which will suppress this warning, call:
0.321 hint:
0.321 hint:     git config --global init.defaultBranch <name>
0.321 hint:
0.321 hint: Names commonly chosen instead of 'master' are 'main', 'trunk' and
0.321 hint: 'development'. The just-created branch can be renamed via this command:
0.321 hint:
0.321 hint:     git branch -m <name>
0.333 Initialized empty Git repository in /app/.git/
0.371 [master (root-commit) c75b291] Initial commit: Adăugat fișierul de procesare a textului
0.371  2 files changed, 41 insertions(+)
0.371  create mode 100755 TextProcessor.java
0.371  create mode 100755 input.txt
0.372 /bin/sh: 1: javac: not found
------
Dockerfile:14
--------------------
  13 |     # Inițializăm repository-ul Git și compilăm aplicația
  14 | >>> RUN git init && \
  15 | >>>     git config --global user.email "docker@example.com" && \
  16 | >>>     git config --global user.name "Docker Container" && \
  17 | >>>     git add TextProcessor.java input.txt && \
  18 | >>>     git commit -m "Initial commit: Adăugat fișierul de procesare a textului" && \
  19 | >>>     javac TextProcessor.java
  20 |     # Aplicația se va rula la pornirea containerului
--------------------
ERROR: failed to solve: process "/bin/sh -c git init &&     git config --global user.email \"do
cker@example.com\" &&     git config --global user.name \"Docker Container\" &&     git add Tex
tProcessor.java input.txt &&     git commit -m \"Initial commit: Adăugat fișierul de procesare a textului\" &&     javac TextProcessor.java" did not complete successfully: exit code: 127
PS C:\Users\User59\Documents\GitHub\PPLABS\Tema 1\ex 2> docker build -t my-text-processor .
[+] Building 2.0s (9/11)                                                  docker:desktop-linux
 => [internal] load build definition from Dockerfile                                      0.0s
 => => transferring dockerfile: 975B                                                      0.0s
 => [internal] load metadata for docker.io/library/openjdk:11-jdk-slim                    1.7s
 => [internal] load .dockerignore                                                         0.0s
 => => transferring context: 2B                                                           0.0s
 => CANCELED [1/7] FROM docker.io/library/openjdk:11-jdk-slim@sha256:868a4f2151d38ba6a09  0.1s
 => => resolve docker.io/library/openjdk:11-jdk-slim@sha256:868a4f2151d38ba6a09870cec584  0.0s
 => [internal] load build context                                                         0.0s
 => => transferring context: 67B                                                          0.0s
 => CACHED [2/7] RUN apt-get update && apt-get install -y git &&     git --version && ja  0.0s
 => CACHED [3/7] WORKDIR /app                                                             0.0s
 => CACHED [4/7] COPY src/TextProcessor.java .                                            0.0s
 => ERROR [5/7] COPY src/input.txt .                                                      0.0s
------
 > [5/7] COPY src/input.txt .:
------
Dockerfile:13
--------------------
  11 |     # Copiem fișierele aplicației
  12 |     COPY src/TextProcessor.java .
  13 | >>> COPY src/input.txt .
  14 |
  15 |     # Inițializăm repository-ul Git și configurăm identitatea utilizatorului
--------------------
ERROR: failed to solve: failed to compute cache key: failed to calculate checksum of ref 6a0wwvoacqfejwn9md0f7fqfg::ifuan51ow1ymi6bovrkyn14p1: "/src/input.txt": not found
PS C:\Users\User59\Documents\GitHub\PPLABS\Tema 1\ex 2> docker build -t my-text-processor .
[+] Building 50.5s (12/12) FINISHED                                       docker:desktop-linux
 => [internal] load build definition from Dockerfile                                      0.1s
 => => transferring dockerfile: 975B                                                      0.0s
 => [internal] load metadata for docker.io/library/openjdk:11-jdk-slim                    0.7s
 => [internal] load .dockerignore                                                         0.0s
 => => transferring context: 2B                                                           0.0s
 => [1/7] FROM docker.io/library/openjdk:11-jdk-slim@sha256:868a4f2151d38ba6a09870cec58  22.8s
 => => resolve docker.io/library/openjdk:11-jdk-slim@sha256:868a4f2151d38ba6a09870cec584  0.0s
 => => sha256:69e15dccd787ba2cfe67f6abf5970ed88a5e019efbb499e499da3 202.34MB / 202.34MB  19.5s
 => => extracting sha256:69e15dccd787ba2cfe67f6abf5970ed88a5e019efbb499e499da3ab20b85fcc  3.2s
 => [internal] load build context                                                         0.0s
 => => transferring context: 216B                                                         0.0s
 => [2/7] RUN apt-get update && apt-get install -y git &&     git --version && javac -v  16.6s
 => [3/7] WORKDIR /app                                                                    0.1s
 => [4/7] COPY src/TextProcessor.java .                                                   0.1s
 => [5/7] COPY src/input.txt .                                                            0.1s
 => [6/7] RUN git init &&     git config --global user.email "docker@example.com" &&      0.4s
 => [7/7] RUN javac TextProcessor.java                                                    1.4s
 => exporting to image                                                                    8.1s
 => => exporting layers                                                                   6.0s
 => => exporting manifest sha256:f20e4958d1cbe84234e4dad4e8fa9590620332be2ce76ba17fe3780  0.0s
 => => exporting config sha256:e5035d5e5ec44e0162f3221e0097b5895016ca1b27d50004ca03e7cc0  0.0s
 => => exporting attestation manifest sha256:998691a5e6924f1ba47766344dda22f073be7fda059  0.0s
 => => exporting manifest list sha256:6afae8a892958ffb1af22a4b690ae256572291dcdd714d5057  0.0s
 => => naming to docker.io/library/my-text-processor:latest                               0.0s
 => => unpacking to docker.io/library/my-text-processor:latest                            1.8s
PS C:\Users\User59\Documents\GitHub\PPLABS\Tema 1\ex 2> docker run --rm my-text-processor
Text procesat:
hello world this is a test file it contains punctuation extra spaces and upper case letters
PS C:\Users\User59\Documents\GitHub\PPLABS\Tema 1\ex 2>
PS C:\Users\User59\Documents\GitHub\PPLABS\Tema 1\ex 2>
